en pages 86
ja pages 103
file infos needed 780
  429 commons.wikimedia.org, wait 28s
  429 commons.wikimedia.org, wait 21s
#5 Daigo-ji Temple Sampo-in: 3 photos
#6 Daikaku-ji Temple: 4 photos
#7 Daitoku-ji Temple: 4 photos
#8 Ebisu-jinja Shrine: 0 photos
#9 Eikan-do Temple: 4 photos
#10 Enryaku-ji Temple: 4 photos
#11 Entsu-ji Temple: 0 photos
#12 Fushimi Inari-taisha Shrine: 4 photos
#13 Genkoan Temple: 0 photos
#14 Ginkaku-ji Temple: 4 photos
#15 Gio-ji Temple: 0 photos
#16 Heian-jingu Shrine: 4 photos
#17 Higashi Hongan-ji Temple: 4 photos
#18 Hino Hokai-ji Temple: 0 photos
#19 Hino Tanjo-in Temple: 0 photos
#20 Hiyoshi-taisha Shrine: 4 photos
#21 Honen-in Temple: 0 photos
#22 Horin-ji Temple (Arashiyama): 2 photos
#23 Ishiyama-dera Temple: 4 photos
#24 Jakko-in Temple: 0 photos
#25 Jingo-ji Temple: 4 photos
#26 Jisso-in Temple: 0 photos
#27 Jonan-gu Shrine: 0 photos
#28 Kaju-ji Temple: 3 photos
#29 Kamigamo-jinja Shrine: 4 photos
#30 Katsura Rikyu Imperial Villa: 4 photos
#31 Kennin-ji Temple: 4 photos
#32 Kifune-jinja Shrine: 2 photos
#33 Kinkaku-ji Temple: 4 photos
#34 Kitano Tenman-gu Shrine: 4 photos
#35 Kiyomizu-dera Temple: 4 photos
#36 Kodai-ji Temple: 4 photos
#37 Koetsu-ji Temple: 0 photos
#38 Komyo-ji Temple (Nagaokakyo): 0 photos
#39 Konkai Komyo-ji Temple (Kurodani): 2 photos
#40 Koryu-ji Temple: 4 photos
#41 Kozan-ji Temple: 4 photos
#42 Kurama-dera Temple: 2 photos
#43 Kyoto Imperial Palace: 4 photos
#44 Manpuku-ji Temple: 4 photos
#45 Manshu-in Temple: 2 photos
#46 Matsugasaki Daikokuten: 0 photos
#47 Matsuo-taisha Shrine: 4 photos
#48 Mii-dera Temple: 4 photos
#49 Mimuroto-ji Temple: 4 photos
#50 Murin-an: 4 photos
#51 Myoshin-ji Temple: 4 photos
#52 Nanzen-ji Temple: 4 photos
#53 Nijo-jo Castle: 4 photos
#54 Ninna-ji Temple: 4 photos
#55 Nishi Hongan-ji Temple: 4 photos
#56 Nison-in Temple: 2 photos
#57 Rakushisha: 0 photos
#58 Rokkaku-do (Choho-ji): 4 photos
#59 Rokuharamitsu-ji Temple: 4 photos
#60 Ryoan-ji Temple: 4 photos
#61 Saiho-ji Temple (Koke-dera, Moss Temple): 4 photos
#62 Sanjusangendo Temple (Rengeo-in): 4 photos
#63 Sanzen-in Temple (Ohara): 1 photos
#64 Seiryo-ji Temple (Saga Shakado): 3 photos
#65 Sennyu-ji Temple: 3 photos
#66 Shimogamo-jinja Shrine: 4 photos
#67 Shisen-do Temple: 3 photos
#68 Shokoku-ji Temple: 2 photos
#69 Shoren-in Temple: 4 photos
#70 Shoji-ji Temple (Hana-no-tera): 0 photos
#71 Suzumushi-dera Temple (Kegon-ji): 0 photos
#72 Tenryu-ji Temple: 4 photos
#73 Tofuku-ji Temple: 4 photos
#74 Toji-in Temple: 3 photos
#75 To-ji Temple: 4 photos
#76 Ujigami-jinja Shrine: 3 photos
#77 Ukimi-do Hall (Mangetsu-ji): 3 photos
#78 Yasaka-jinja Shrine: 4 photos
#79 Yokawa Chudo Hall (Enryaku-ji): 4 photos
#80 Yoshimine-dera Temple: 4 photos
#81 Zuishin-in Temple: 4 photos
#82 Arashiyama Bamboo Grove: 1 photos
#83 Togetsukyo Bridge: 0 photos
#84 Iwatayama Monkey Park: 3 photos
#85 Okochi Sanso Garden: 4 photos
#86 Otagi Nenbutsu-ji: 4 photos
#87 Sagano Romantic Train: 3 photos
#88 Philosopher's Path: 1 photos
#89 Gion & Hanamikoji Street: 0 photos
#90 Gion Shirakawa & Tatsumi Bridge: 0 photos
#91 Ninenzaka & Sannenzaka: 2 photos
#92 Hokan-ji (Yasaka Pagoda): 1 photos
#93 Yasaka Koshindo: 1 photos
#94 Yasui Konpira-gu: 0 photos
#95 Nishiki Market: 2 photos
#96 Pontocho Alley: 4 photos
#97 Fushimi Sake District & Gekkeikan Okura Museum: 1 photos
#98 Kyoto Railway Museum: 4 photos
#99 Kyoto Station Building & Kyoto Tower: 4 photos
#100 Keage Incline: 0 photos
#101 Kamogawa Delta (Demachiyanagi): 4 photos
#102 Kyoto National Museum: 2 photos
#103 Kyoto International Manga Museum: 2 photos
#104 Uji Byodo-in Omotesando tea street: 0 photos
#105 Toei Kyoto Studio Park (Uzumasa Kyoto Village): 4 photos
#106 Ruriko-in: 1 photos
#107 teamLab Biovortex Kyoto: 0 photos
